[2026-06-04 14:17:01] === WATCHDOG START ===
[2026-06-04 14:17:01] Root: C:\Users\Mrabet\Desktop\projet_camera
[2026-06-04 14:17:01] «%tape 1/3 : attente fin extraction...
[2026-06-04 14:19:01]   ... waiting (last log update: 07 min ago)
[2026-06-04 14:21:01]   ... waiting (last log update: 01 min ago)
[2026-06-04 14:23:01]   ... waiting (last log update: 03 min ago)
[2026-06-04 14:25:01]   ... waiting (last log update: 05 min ago)
[2026-06-04 14:27:01]   ... waiting (last log update: 07 min ago)
[2026-06-04 14:29:01]   ... waiting (last log update: 09 min ago)
[2026-06-04 14:31:02]   ... waiting (last log update: 01 min ago)
[2026-06-04 14:33:02]   ... waiting (last log update: 00 min ago)
[2026-06-04 14:35:02]   ... waiting (last log update: 02 min ago)
[2026-06-04 14:37:02]   ... waiting (last log update: 04 min ago)
[2026-06-04 14:39:02]   ... waiting (last log update: 06 min ago)
[2026-06-04 14:41:02]   ... waiting (last log update: 08 min ago)
[2026-06-04 14:43:02]   ... waiting (last log update: 10 min ago)
[2026-06-04 14:45:02]   ... waiting (last log update: 12 min ago)
[2026-06-04 14:47:02]   ... waiting (last log update: 14 min ago)
[2026-06-04 14:49:02]   ... waiting (last log update: 16 min ago)
[2026-06-04 14:51:02]   ... waiting (last log update: 00 min ago)
[2026-06-04 14:53:02]   ... waiting (last log update: 00 min ago)
[2026-06-04 14:55:02]   ... waiting (last log update: 02 min ago)
[2026-06-04 14:57:02]   ... waiting (last log update: 04 min ago)
[2026-06-04 14:59:02]   ... waiting (last log update: 00 min ago)
[2026-06-04 15:01:02]   ... waiting (last log update: 00 min ago)
[2026-06-04 15:03:02]   ... waiting (last log update: 00 min ago)
[2026-06-04 15:05:02]   ... waiting (last log update: 00 min ago)
[2026-06-04 15:07:02]   ... waiting (last log update: 00 min ago)
[2026-06-04 15:09:02]   ... waiting (last log update: 00 min ago)
[2026-06-04 15:11:02]   ... waiting (last log update: 00 min ago)
[2026-06-04 15:13:02]   ... waiting (last log update: 00 min ago)
[2026-06-04 15:15:02]   ... waiting (last log update: 00 min ago)
[2026-06-04 15:17:02]   ... waiting (last log update: 00 min ago)
[2026-06-04 15:19:02]   ... waiting (last log update: 00 min ago)
[2026-06-04 15:21:02]   ... waiting (last log update: 00 min ago)
[2026-06-04 15:23:02]   ... waiting (last log update: 00 min ago)
[2026-06-04 15:25:02]   ... waiting (last log update: 00 min ago)
[2026-06-04 15:27:02]   ... waiting (last log update: 00 min ago)
[2026-06-04 15:29:02]   ... waiting (last log update: 00 min ago)
[2026-06-04 15:31:02]   ... waiting (last log update: 00 min ago)
[2026-06-04 15:33:02]   ... waiting (last log update: 02 min ago)
[2026-06-04 15:35:02]   ... waiting (last log update: 00 min ago)
[2026-06-04 15:37:02]   ... waiting (last log update: 00 min ago)
[2026-06-04 15:39:02]   ... waiting (last log update: 00 min ago)
[2026-06-04 15:41:02]   ... waiting (last log update: 00 min ago)
[2026-06-04 15:43:02]   ... waiting (last log update: 00 min ago)
[2026-06-04 15:45:02]   ... waiting (last log update: 00 min ago)
[2026-06-04 15:47:02]   ... waiting (last log update: 00 min ago)
[2026-06-04 15:49:02]   ... waiting (last log update: 00 min ago)
[2026-06-04 15:51:03]   ... waiting (last log update: 00 min ago)
[2026-06-04 15:53:03]   ... waiting (last log update: 00 min ago)
[2026-06-04 15:55:03]   ... waiting (last log update: 00 min ago)
[2026-06-04 15:57:03]   ... waiting (last log update: 02 min ago)
[2026-06-04 15:59:03]   ... waiting (last log update: 04 min ago)
[2026-06-04 16:01:03]   ... waiting (last log update: 06 min ago)
[2026-06-04 16:03:03]   ... waiting (last log update: 00 min ago)
[2026-06-04 16:05:03]   ... waiting (last log update: 00 min ago)
[2026-06-04 16:07:03]   ... waiting (last log update: 00 min ago)
[2026-06-04 16:09:03]   ... waiting (last log update: 00 min ago)
[2026-06-04 16:11:03]   ... waiting (last log update: 00 min ago)
[2026-06-04 16:13:03]   ... waiting (last log update: 01 min ago)
[2026-06-04 16:15:03]   ... waiting (last log update: 03 min ago)
[2026-06-04 16:17:03]   ... waiting (last log update: 05 min ago)
[2026-06-04 16:19:03]   ... waiting (last log update: 07 min ago)
[2026-06-04 16:21:03]   ... waiting (last log update: 09 min ago)
[2026-06-04 16:23:03]   ... waiting (last log update: 11 min ago)
[2026-06-04 16:25:03]   ... waiting (last log update: 13 min ago)
[2026-06-04 16:27:03]   ... waiting (last log update: 15 min ago)
[2026-06-04 16:29:03]   ... waiting (last log update: 17 min ago)
[2026-06-04 16:31:03]   ... waiting (last log update: 19 min ago)
[2026-06-04 16:33:03]   ... waiting (last log update: 21 min ago)
[2026-06-04 16:35:03]   ... waiting (last log update: 23 min ago)
[2026-06-04 16:37:03]   ... waiting (last log update: 25 min ago)
[2026-06-04 16:39:03]   ... waiting (last log update: 27 min ago)
[2026-06-04 16:41:03]   ... waiting (last log update: 29 min ago)
[2026-06-04 16:43:03]   ... waiting (last log update: 31 min ago)
[2026-06-04 16:45:03]   ... waiting (last log update: 33 min ago)
[2026-06-04 16:47:03]   ... waiting (last log update: 35 min ago)
[2026-06-04 16:49:03]   ... waiting (last log update: 37 min ago)
[2026-06-04 16:51:03]   ... waiting (last log update: 39 min ago)
[2026-06-04 16:53:03]   ... waiting (last log update: 41 min ago)
[2026-06-04 16:55:03]   ... waiting (last log update: 43 min ago)
[2026-06-04 16:57:03]   ... waiting (last log update: 45 min ago)
[2026-06-04 16:59:03]   ... waiting (last log update: 47 min ago)
[2026-06-04 17:01:03]   ... waiting (last log update: 49 min ago)
[2026-06-04 17:03:03]   ... waiting (last log update: 51 min ago)
[2026-06-04 17:05:03]   ... waiting (last log update: 53 min ago)
[2026-06-04 17:07:03]   ... waiting (last log update: 55 min ago)
[2026-06-04 17:09:04]   ... waiting (last log update: 57 min ago)
[2026-06-04 17:11:04]   ... waiting (last log update: 59 min ago)
[2026-06-04 17:13:04]   ... waiting (last log update: 01 min ago)
[2026-06-04 17:15:04]   ... waiting (last log update: 03 min ago)
[2026-06-04 17:17:04]   ... waiting (last log update: 05 min ago)
[2026-06-04 17:19:04]   ... waiting (last log update: 07 min ago)
[2026-06-04 17:21:04]   ... waiting (last log update: 09 min ago)
[2026-06-04 17:23:04]   ... waiting (last log update: 11 min ago)
[2026-06-04 17:25:04]   ... waiting (last log update: 13 min ago)
[2026-06-04 17:27:04]   ... waiting (last log update: 15 min ago)
[2026-06-04 17:29:04]   ... waiting (last log update: 17 min ago)
[2026-06-04 17:31:04]   ... waiting (last log update: 19 min ago)
[2026-06-04 17:33:04]   ... waiting (last log update: 21 min ago)
[2026-06-04 17:35:04]   ... waiting (last log update: 23 min ago)
[2026-06-04 17:37:04]   ... waiting (last log update: 25 min ago)
[2026-06-04 17:39:04]   ... waiting (last log update: 27 min ago)
[2026-06-04 17:41:04]   ... waiting (last log update: 29 min ago)
[2026-06-04 17:43:04]   ... waiting (last log update: 31 min ago)
[2026-06-04 17:45:04]   ... waiting (last log update: 33 min ago)
[2026-06-04 17:47:04]   ... waiting (last log update: 35 min ago)
[2026-06-04 17:49:04]   ... waiting (last log update: 37 min ago)
[2026-06-04 17:51:04]   ... waiting (last log update: 39 min ago)
[2026-06-04 17:53:04]   ... waiting (last log update: 41 min ago)
[2026-06-04 17:55:04]   ... waiting (last log update: 43 min ago)
[2026-06-04 17:57:04]   ... waiting (last log update: 45 min ago)
[2026-06-04 17:59:04]   ... waiting (last log update: 47 min ago)
[2026-06-04 18:01:04]   ... waiting (last log update: 49 min ago)
[2026-06-04 18:03:04]   ... waiting (last log update: 51 min ago)
[2026-06-04 18:05:04]   ... waiting (last log update: 53 min ago)
[2026-06-04 18:07:04]   ... waiting (last log update: 55 min ago)
[2026-06-04 18:09:04]   ... waiting (last log update: 57 min ago)
[2026-06-04 18:11:04]   ... waiting (last log update: 59 min ago)
[2026-06-04 18:13:04]   ... waiting (last log update: 01 min ago)
[2026-06-04 18:15:04]   ... waiting (last log update: 03 min ago)
[2026-06-04 18:17:04]   ... waiting (last log update: 05 min ago)
[2026-06-04 18:19:04]   ... waiting (last log update: 07 min ago)
[2026-06-04 18:21:04]   ... waiting (last log update: 09 min ago)
[2026-06-04 18:23:04]   ... waiting (last log update: 11 min ago)
[2026-06-04 18:25:04]   ... waiting (last log update: 13 min ago)
[2026-06-04 18:27:04]   ... waiting (last log update: 15 min ago)
[2026-06-04 18:29:04]   ... waiting (last log update: 17 min ago)
[2026-06-04 18:31:04]   ... waiting (last log update: 19 min ago)
[2026-06-04 18:33:04]   ... waiting (last log update: 21 min ago)
[2026-06-04 18:35:04]   ... waiting (last log update: 23 min ago)
[2026-06-04 18:37:04]   ... waiting (last log update: 25 min ago)
[2026-06-04 18:39:04]   ... waiting (last log update: 27 min ago)
[2026-06-04 18:41:04]   ... waiting (last log update: 29 min ago)
[2026-06-04 18:43:04]   ... waiting (last log update: 31 min ago)
[2026-06-04 18:43:04] stats.json OK (2796 bytes) et process Python termin«∏ É≈' extraction finie
[2026-06-04 18:43:04] «%tape 2/3 : lancement training LSTM...
[2026-06-04 18:43:04] Training PID=1676
[2026-06-04 18:44:04]   ... training in progress (last log: 00 min ago)
[2026-06-04 18:44:04] behavior_model.pt cr«∏«∏ (2,4 MB) É≈' training fini
[2026-06-04 18:44:04] «%tape 3/3 : v«∏rification finale...
True

############################################################
  SENTINEL AI - VÇrification pipeline UCF-Crime
############################################################

============================================================
  1/4 - FICHIERS REQUIS
============================================================
  [OK       ] Dataset X            X_sequences.npy                21.2 MB
  [OK       ] Dataset y            y_labels.npy                   27.8 KB
  [OK       ] Stats                stats.json                     2.8 KB
  [OK       ] Modäle LSTM          behavior_model.pt              2.5 MB
  [OK       ] Engine Python        ai_engine.py                   30.1 KB
  [OK       ] Engine fallback      ai_engine_pro.py               18.0 KB
  [OK       ] Bridge Node          aiBridge.js                    8.0 KB

============================================================
  2/4 - CHARGEMENT MOD‘LE LSTM
============================================================
  [OK] Checkpoint chargÇ (2.5 MB)
    input_size   : 51
    hidden_size  : 128
    num_layers   : 2
    num_classes  : 9
    bidirectional: True
    seq_len      : 30
    class_names  : {0: 'Normal', 1: 'Fighting', 2: 'Assault', 3: 'Robbery', 4: 'Stealing', 5: 'Shoplifting', 6: 'Shooting', 7: 'Burglary', 8: 'Other_anomaly'}
    best_val_loss: 1.7368775567601291

============================================================
  3/4 - INFêRENCE DUMMY
============================================================
  [FAIL] Erreur infÇrence : No module named 'ai'

[WARN] InfÇrence dummy ÇchouÇe - le modäle est peut-àtre corrompu

============================================================
  4/4 - ENGINE INIT (subprocess)
============================================================
  [OK] Engine dÇmarrÇ (rc=0)
    find model: C:\Users\Mrabet/.insightface\models\buffalo_l\1k3d68.onnx landmark_3d_68 ['None', 3, 192, 192] 0.0 1.0
    Applied providers: ['CPUExecutionProvider'], with options: {'CPUExecutionProvider': {}}
    find model: C:\Users\Mrabet/.insightface\models\buffalo_l\2d106det.onnx landmark_2d_106 ['None', 3, 192, 192] 0.0 1.0
    Applied providers: ['CPUExecutionProvider'], with options: {'CPUExecutionProvider': {}}
    find model: C:\Users\Mrabet/.insightface\models\buffalo_l\det_10g.onnx detection [1, 3, '?', '?'] 127.5 128.0
    Applied providers: ['CPUExecutionProvider'], with options: {'CPUExecutionProvider': {}}
    find model: C:\Users\Mrabet/.insightface\models\buffalo_l\genderage.onnx genderage ['None', 3, 96, 96] 0.0 1.0
    Applied providers: ['CPUExecutionProvider'], with options: {'CPUExecutionProvider': {}}
    find model: C:\Users\Mrabet/.insightface\models\buffalo_l\w600k_r50.onnx recognition ['None', 3, 112, 112] 127.5 127.5
    set det-size: (320, 320)

============================================================
  RêSUMê
============================================================
[2026-06-04 18:44:33] === WATCHDOG END ===
